[    0.000000] Initializing cgroup subsys cpuset
[    0.000000] Initializing cgroup subsys cpu
[    0.000000] Initializing cgroup subsys cpuacct
[    0.000000] Linux version 4.4.0-62-generic (buildd@lcy01-31) (gcc version 5.4.0 20160609 (Ubuntu 5.4.0-6ubuntu1~16.04.4) ) #83-Ubuntu SMP Wed Jan 18 14:09:55 UTC 2017 (Ubuntu 4.4.0-62.83-generic 4.4.40)
[    0.000000] KERNEL supported cpus:
[    0.000000]   Intel GenuineIntel
[    0.000000]   AMD AuthenticAMD
[    0.000000]   NSC Geode by NSC
[    0.000000]   Cyrix CyrixInstead
[    0.000000]   Centaur CentaurHauls
[    0.000000]   Transmeta GenuineTMx86
[    0.000000]   Transmeta TransmetaCPU
[    0.000000]   UMC UMC UMC UMC
[    0.000000] x86/fpu: xstate_offset[2]:  576, xstate_sizes[2]:  256
[    0.000000] x86/fpu: Supporting XSAVE feature 0x01: 'x87 floating point registers'
[    0.000000] x86/fpu: Supporting XSAVE feature 0x02: 'SSE registers'
[    0.000000] x86/fpu: Supporting XSAVE feature 0x04: 'AVX registers'
[    0.000000] x86/fpu: Enabled xstate features 0x7, context size is 832 bytes, using 'standard' format.
[    0.000000] x86/fpu: Using 'lazy' FPU context switches.
[    0.000000] e820: BIOS-provided physical RAM map:
[    0.000000] BIOS-e820: [mem 0x0000000000000000-0x000000000009fbff] usable
[    0.000000] BIOS-e820: [mem 0x000000000009fc00-0x000000000009ffff] reserved
[    0.000000] BIOS-e820: [mem 0x00000000000f0000-0x00000000000fffff] reserved
[    0.000000] BIOS-e820: [mem 0x0000000000100000-0x000000007ffeffff] usable
[    0.000000] BIOS-e820: [mem 0x000000007fff0000-0x000000007fffffff] ACPI data
[    0.000000] BIOS-e820: [mem 0x00000000fec00000-0x00000000fec00fff] reserved
[    0.000000] BIOS-e820: [mem 0x00000000fee00000-0x00000000fee00fff] reserved
[    0.000000] BIOS-e820: [mem 0x00000000fffc0000-0x00000000ffffffff] reserved
[    0.000000] NX (Execute Disable) protection: active
[    0.000000] SMBIOS 2.5 present.
[    0.000000] Hypervisor detected: KVM
[    0.000000] e820: last_pfn = 0x7fff0 max_arch_pfn = 0x1000000
[    0.000000] MTRR: Disabled
[    0.000000] x86/PAT: MTRRs disabled, skipping PAT initialization too.
[    0.000000] x86/PAT: Configuration [0-7]: WB  WT  UC- UC  WB  WT  UC- UC  
[    0.000000] CPU MTRRs all blank - virtualized system.
[    0.000000] found SMP MP-table at [mem 0x0009fff0-0x0009ffff] mapped at [c009fff0]
[    0.000000] Scanning 1 areas for low memory corruption
[    0.000000] RAMDISK: [mem 0x36b50000-0x3759ffff]
[    0.000000] ACPI: Early table checksum verification disabled
[    0.000000] ACPI: RSDP 0x00000000000E0000 000024 (v02 VBOX  )
[    0.000000] ACPI: XSDT 0x000000007FFF0030 00003C (v01 VBOX   VBOXXSDT 00000001 ASL  00000061)
[    0.000000] ACPI: FACP 0x000000007FFF00F0 0000F4 (v04 VBOX   VBOXFACP 00000001 ASL  00000061)
[    0.000000] ACPI: DSDT 0x000000007FFF0470 00210F (v01 VBOX   VBOXBIOS 00000002 INTL 20100528)
[    0.000000] ACPI: FACS 0x000000007FFF0200 000040
[    0.000000] ACPI: FACS 0x000000007FFF0200 000040
[    0.000000] ACPI: APIC 0x000000007FFF0240 00005C (v02 VBOX   VBOXAPIC 00000001 ASL  00000061)
[    0.000000] ACPI: SSDT 0x000000007FFF02A0 0001CC (v01 VBOX   VBOXCPUT 00000002 INTL 20100528)
[    0.000000] 1155MB HIGHMEM available.
[    0.000000] 891MB LOWMEM available.
[    0.000000]   mapped low ram: 0 - 37bfe000
[    0.000000]   low ram: 0 - 37bfe000
[    0.000000] kvm-clock: Using msrs 4b564d01 and 4b564d00
[    0.000000] kvm-clock: cpu 0, msr 0:37bfd001, primary cpu clock
[    0.000000] kvm-clock: using sched offset of 3166602226 cycles
[    0.000000] clocksource: kvm-clock: mask: 0xffffffffffffffff max_cycles: 0x1cd42e4dffb, max_idle_ns: 881590591483 ns
[    0.000000] Zone ranges:
[    0.000000]   DMA      [mem 0x0000000000001000-0x0000000000ffffff]
[    0.000000]   Normal   [mem 0x0000000001000000-0x0000000037bfdfff]
[    0.000000]   HighMem  [mem 0x0000000037bfe000-0x000000007ffeffff]
[    0.000000] Movable zone start for each node
[    0.000000] Early memory node ranges
[    0.000000]   node   0: [mem 0x0000000000001000-0x000000000009efff]
[    0.000000]   node   0: [mem 0x0000000000100000-0x000000007ffeffff]
[    0.000000] Initmem setup node 0 [mem 0x0000000000001000-0x000000007ffeffff]
[    0.000000] Using APIC driver default
[    0.000000] ACPI: PM-Timer IO Port: 0x4008
[    0.000000] IOAPIC[0]: apic_id 2, version 32, address 0xfec00000, GSI 0-23
[    0.000000] ACPI: INT_SRC_OVR (bus 0 bus_irq 0 global_irq 2 dfl dfl)
[    0.000000] ACPI: INT_SRC_OVR (bus 0 bus_irq 9 global_irq 9 high level)
[    0.000000] Using ACPI (MADT) for SMP configuration information
[    0.000000] smpboot: Allowing 2 CPUs, 0 hotplug CPUs
[    0.000000] PM: Registered nosave memory: [mem 0x00000000-0x00000fff]
[    0.000000] PM: Registered nosave memory: [mem 0x0009f000-0x0009ffff]
[    0.000000] PM: Registered nosave memory: [mem 0x000a0000-0x000effff]
[    0.000000] PM: Registered nosave memory: [mem 0x000f0000-0x000fffff]
[    0.000000] e820: [mem 0x80000000-0xfebfffff] available for PCI devices
[    0.000000] Booting paravirtualized kernel on KVM
[    0.000000] clocksource: refined-jiffies: mask: 0xffffffff max_cycles: 0xffffffff, max_idle_ns: 7645519600211568 ns
[    0.000000] setup_percpu: NR_CPUS:8 nr_cpumask_bits:8 nr_cpu_ids:2 nr_node_ids:1
[    0.000000] PERCPU: Embedded 19 pages/cpu @f76b0000 s47436 r0 d30388 u77824
[    0.000000] PV qspinlock hash table entries: 512 (order: 0, 4096 bytes)
[    0.000000] Built 1 zonelists in Zone order, mobility grouping on.  Total pages: 521944
[    0.000000] Kernel command line: BOOT_IMAGE=/boot/vmlinuz-4.4.0-62-generic root=LABEL=cloudimg-rootfs ro console=tty1 console=ttyS0
[    0.000000] PID hash table entries: 4096 (order: 2, 16384 bytes)
[    0.000000] Dentry cache hash table entries: 131072 (order: 7, 524288 bytes)
[    0.000000] Inode-cache hash table entries: 65536 (order: 6, 262144 bytes)
[    0.000000] Initializing CPU#0
[    0.000000] Initializing HighMem for node 0 (00037bfe:0007fff0)
[    0.000000] Initializing Movable for node 0 (00000000:00000000)
[    0.000000] Memory: 2050772K/2096696K available (7915K kernel code, 764K rwdata, 3148K rodata, 944K init, 800K bss, 45924K reserved, 0K cma-reserved, 1183688K highmem)
[    0.000000] virtual kernel memory layout:
[    0.000000]     fixmap  : 0xfff15000 - 0xfffff000   ( 936 kB)
[    0.000000]     pkmap   : 0xffc00000 - 0xffe00000   (2048 kB)
[    0.000000]     vmalloc : 0xf83fe000 - 0xffbfe000   ( 120 MB)
[    0.000000]     lowmem  : 0xc0000000 - 0xf7bfe000   ( 891 MB)
[    0.000000]       .init : 0xc1b91000 - 0xc1c7d000   ( 944 kB)
[    0.000000]       .data : 0xc17bb2cb - 0xc1b8f3c0   (3920 kB)
[    0.000000]       .text : 0xc1000000 - 0xc17bb2cb   (7916 kB)
[    0.000000] Checking if this processor honours the WP bit even in supervisor mode...Ok.
[    0.000000] SLUB: HWalign=64, Order=0-3, MinObjects=0, CPUs=2, Nodes=1
[    0.000000] Hierarchical RCU implementation.
[    0.000000] 	Build-time adjustment of leaf fanout to 32.
[    0.000000] 	RCU restricting CPUs from NR_CPUS=8 to nr_cpu_ids=2.
[    0.000000] RCU: Adjusting geometry for rcu_fanout_leaf=32, nr_cpu_ids=2
[    0.000000] NR_IRQS:2304 nr_irqs:440 16
[    0.000000] Console: colour VGA+ 80x25
[    0.000000] console [tty1] enabled
[    0.000000] console [ttyS0] enabled
[    0.000000] allocated 2097152 bytes of page_ext
[    0.000000] tsc: Detected 3099.998 MHz processor
[    3.479768] Calibrating delay loop (skipped) preset value.. 6199.99 BogoMIPS (lpj=12399992)
[    3.548055] pid_max: default: 32768 minimum: 301
[    3.576856] ACPI: Core revision 20150930
[    3.605183] ACPI: 2 ACPI AML tables successfully acquired and loaded
[    3.634027] Security Framework initialized
[    3.670405] Yama: becoming mindful.
[    3.719564] AppArmor: AppArmor initialized
[    3.753287] Mount-cache hash table entries: 2048 (order: 1, 8192 bytes)
[    3.826265] Mountpoint-cache hash table entries: 2048 (order: 1, 8192 bytes)
[    3.840222] Initializing cgroup subsys io
[    3.877583] Initializing cgroup subsys memory
[    3.945491] Initializing cgroup subsys devices
[    4.014303] Initializing cgroup subsys freezer
[    4.043875] Initializing cgroup subsys net_cls
[    4.044931] Initializing cgroup subsys perf_event
[    4.046041] Initializing cgroup subsys net_prio
[    4.047060] Initializing cgroup subsys hugetlb
[    4.048093] Initializing cgroup subsys pids
[    4.049133] CPU: Physical Processor ID: 0
[    4.050058] CPU: Processor Core ID: 0
[    4.052658] mce: CPU supports 0 MCE banks
[    4.053694] Last level iTLB entries: 4KB 64, 2MB 8, 4MB 8
[    4.106898] Last level dTLB entries: 4KB 64, 2MB 0, 4MB 0, 1GB 4
[    4.129961] Freeing SMP alternatives memory: 28K (c1c7d000 - c1c84000)
[    4.214873] ftrace: allocating 31350 entries in 62 pages
[    4.424048] smpboot: APIC(0) Converting physical 0 to logical package 0
[    4.447383] smpboot: Max logical packages: 1
[    4.462678] Enabling APIC mode:  Flat.  Using 1 I/O APICs
[    4.490166] ..TIMER: vector=0x30 apic1=0 pin1=2 apic2=-1 pin2=-1
[    4.619945] smpboot: CPU0: Intel(R) Core(TM) i7-5557U CPU @ 3.10GHz (family: 0x6, model: 0x3d, stepping: 0x4)
[    4.638631] Performance Events: unsupported p6 CPU model 61 no PMU driver, software events only.
[    4.642603] KVM setup paravirtual spinlock
[    4.644265] x86: Booting SMP configuration:
[    4.645958] .... node  #0, CPUs:      #1
[1266874886.542949] Initializing CPU#1
[    4.674279] kvm-clock: cpu 1, msr 0:37bfd041, secondary cpu clock
[    4.678695] mce: CPU supports 0 MCE banks
[    4.687434] x86: Booted up 1 node, 2 CPUs
[    4.690583] smpboot: Total of 2 processors activated (12399.99 BogoMIPS)
[    4.702961] devtmpfs: initialized
[    4.710954] evm: security.selinux
[    4.713448] evm: security.SMACK64
[    4.716584] evm: security.SMACK64EXEC
[    4.725961] evm: security.SMACK64TRANSMUTE
[    4.731050] evm: security.SMACK64MMAP
[    4.737047] evm: security.ima
[    4.747674] evm: security.capability
[    4.753106] clocksource: jiffies: mask: 0xffffffff max_cycles: 0xffffffff, max_idle_ns: 7645041785100000 ns
[    4.776219] pinctrl core: initialized pinctrl subsystem
[    4.794179] RTC time: 17:21:20, date: 02/20/17
[    4.813491] NET: Registered protocol family 16
[    4.836357] EISA bus registered
[    4.851618] cpuidle: using governor ladder
[    4.883670] cpuidle: using governor menu
[    4.903431] PCCT header not found.
[    4.904315] ACPI: bus type PCI registered
[    4.917356] acpiphp: ACPI Hot Plug PCI Controller Driver version: 0.5
[    4.959635] PCI : PCI BIOS area is rw and x. Use pci=nobios if you want it NX.
[    4.961147] PCI: PCI BIOS revision 2.10 entry at 0xfda26, last bus=0
[    4.962373] PCI: Using configuration type 1 for base access
[    5.024500] ACPI: Added _OSI(Module Device)
[    5.039464] ACPI: Added _OSI(Processor Device)
[    5.042893] ACPI: Added _OSI(3.0 _SCP Extensions)
[    5.045334] ACPI: Added _OSI(Processor Aggregator Device)
[    5.047035] ACPI: Executed 1 blocks of module-level executable AML code
[    5.058769] ACPI: Interpreter enabled
[    5.059575] ACPI: (supports S0 S5)
[    5.060321] ACPI: Using IOAPIC for interrupt routing
[    5.126620] PCI: Using host bridge windows from ACPI; if necessary, use "pci=nocrs" and report a bug
[    5.146764] ACPI: PCI Root Bridge [PCI0] (domain 0000 [bus 00-ff])
[    5.153629] acpi PNP0A03:00: _OSC: OS supports [ASPM ClockPM Segments MSI]
[    5.181127] acpi PNP0A03:00: _OSC failed (AE_NOT_FOUND); disabling ASPM
[    5.216196] acpi PNP0A03:00: fail to add MMCONFIG information, can't access extended PCI configuration space under this bridge.
[    5.262161] PCI host bridge to bus 0000:00
[    5.263033] pci_bus 0000:00: root bus resource [io  0x0000-0x0cf7 window]
[    5.264348] pci_bus 0000:00: root bus resource [io  0x0d00-0xffff window]
[    5.266871] pci_bus 0000:00: root bus resource [mem 0x000a0000-0x000bffff window]
[    5.268421] pci_bus 0000:00: root bus resource [mem 0x80000000-0xffdfffff window]
[    5.270090] pci_bus 0000:00: root bus resource [bus 00-ff]
[    5.280024] pci 0000:00:01.1: legacy IDE quirk: reg 0x10: [io  0x01f0-0x01f7]
[    5.291611] pci 0000:00:01.1: legacy IDE quirk: reg 0x14: [io  0x03f6]
[    5.294157] pci 0000:00:01.1: legacy IDE quirk: reg 0x18: [io  0x0170-0x0177]
[    5.295632] pci 0000:00:01.1: legacy IDE quirk: reg 0x1c: [io  0x0376]
[    5.325430] pci 0000:00:07.0: quirk: [io  0x4000-0x403f] claimed by PIIX4 ACPI
[    5.366237] pci 0000:00:07.0: quirk: [io  0x4100-0x410f] claimed by PIIX4 SMB
[    5.378106] ACPI: PCI Interrupt Link [LNKA] (IRQs 5 9 10 *11)
[    5.477917] ACPI: PCI Interrupt Link [LNKB] (IRQs 5 9 10 *11)
[    5.508712] ACPI: PCI Interrupt Link [LNKC] (IRQs 5 9 *10 11)
[    5.537589] ACPI: PCI Interrupt Link [LNKD] (IRQs 5 *9 10 11)
[    5.543533] ACPI: Enabled 2 GPEs in block 00 to 07
[    5.590343] vgaarb: setting as boot device: PCI:0000:00:02.0
[    5.612593] vgaarb: device added: PCI:0000:00:02.0,decodes=io+mem,owns=io+mem,locks=none
[    5.614438] vgaarb: loaded
[    5.640089] vgaarb: bridge control possible 0000:00:02.0
[    5.654782] SCSI subsystem initialized
[    5.660498] ACPI: bus type USB registered
[    5.679519] usbcore: registered new interface driver usbfs
[    5.686681] usbcore: registered new interface driver hub
[    5.720701] usbcore: registered new device driver usb
[    5.723448] PCI: Using ACPI for IRQ routing
[    5.730668] NetLabel: Initializing
[    5.731757] NetLabel:  domain hash size = 128
[    5.732674] NetLabel:  protocols = UNLABELED CIPSOv4
[    5.734321] NetLabel:  unlabeled traffic allowed by default
[    5.736365] amd_nb: Cannot enumerate AMD northbridges
[    5.769330] clocksource: Switched to clocksource kvm-clock
[    5.796189] AppArmor: AppArmor Filesystem Enabled
[    5.882260] pnp: PnP ACPI init
[    5.892727] pnp: PnP ACPI: found 3 devices
[    5.896990] PnPBIOS: Disabled by ACPI PNP
[    5.957968] clocksource: acpi_pm: mask: 0xffffff max_cycles: 0xffffff, max_idle_ns: 2085701024 ns
[    5.986699] NET: Registered protocol family 2
[    5.992498] TCP established hash table entries: 8192 (order: 3, 32768 bytes)
[    6.008616] TCP bind hash table entries: 8192 (order: 4, 65536 bytes)
[    6.020721] TCP: Hash tables configured (established 8192 bind 8192)
[    6.027520] UDP hash table entries: 512 (order: 2, 16384 bytes)
[    6.037947] UDP-Lite hash table entries: 512 (order: 2, 16384 bytes)
[    6.042569] NET: Registered protocol family 1
[    6.047661] pci 0000:00:00.0: Limiting direct PCI/PCI transfers
[    6.073772] pci 0000:00:01.0: Activating ISA DMA hang workarounds
[    6.102266] Trying to unpack rootfs image as initramfs...
[    7.839756] Freeing initrd memory: 10560K (f6b50000 - f75a0000)
[    7.866594] RAPL PMU detected, API unit is 2^-32 Joules, 4 fixed counters 10737418240 ms ovfl timer
[    7.868419] hw unit of domain pp0-core 2^-0 Joules
[    7.869404] hw unit of domain package 2^-0 Joules
[    7.875996] hw unit of domain dram 2^-0 Joules
[    7.899390] hw unit of domain pp1-gpu 2^-0 Joules
[    7.908687] platform rtc_cmos: registered platform RTC device (no PNP device found)
[    7.913315] Scanning for low memory corruption every 60 seconds
[    7.921955] futex hash table entries: 512 (order: 3, 32768 bytes)
[    7.931773] audit: initializing netlink subsys (disabled)
[    7.933140] audit: type=2000 audit(1487611283.479:1): initialized
[    7.952591] Initialise system trusted keyring
[    7.973382] HugeTLB registered 2 MB page size, pre-allocated 0 pages
[    7.986084] zbud: loaded
[    8.004601] VFS: Disk quotas dquot_6.6.0
[    8.014246] VFS: Dquot-cache hash table entries: 1024 (order 0, 4096 bytes)
[    8.018803] squashfs: version 4.0 (2009/01/31) Phillip Lougher
[    8.048817] fuse init (API version 7.23)
[    8.074142] Key type big_key registered
[    8.075050] Allocating IMA MOK and blacklist keyrings.
[    8.077781] Key type asymmetric registered
[    8.079786] Asymmetric key parser 'x509' registered
[    8.080807] bounce: pool size: 64 pages
[    8.081854] Block layer SCSI generic (bsg) driver version 0.4 loaded (major 249)
[    8.083530] io scheduler noop registered
[    8.087007] io scheduler deadline registered (default)
[    8.088084] io scheduler cfq registered
[    8.089001] pci_hotplug: PCI Hot Plug PCI Core version: 0.5
[    8.090189] pciehp: PCI Express Hot Plug Controller Driver version: 0.4
[    8.091752] ACPI: AC Adapter [AC] (off-line)
[    8.094924] input: Power Button as /devices/LNXSYSTM:00/LNXPWRBN:00/input/input0
[    8.105892] ACPI: Power Button [PWRF]
[    8.108759] input: Sleep Button as /devices/LNXSYSTM:00/LNXSLPBN:00/input/input1
[    8.165510] ACPI: Sleep Button [SLPF]
[    8.166705] GHES: HEST is not enabled!
[    8.167750] ACPI: Battery Slot [BAT0] (battery present)
[    8.172108] isapnp: Scanning for PnP cards...
[    8.172173] Serial: 8250/16550 driver, 32 ports, IRQ sharing enabled
[    8.195344] 00:02: ttyS0 at I/O 0x3f8 (irq = 4, base_baud = 115200) is a 16550A
[    8.278524] Linux agpgart interface v0.103
[    8.320643] brd: module loaded
[    8.331369] loop: module loaded
[    8.336517] scsi host0: ata_piix
[    8.341104] scsi host1: ata_piix
[    8.355057] ata1: PATA max UDMA/33 cmd 0x1f0 ctl 0x3f6 bmdma 0xd000 irq 14
[    8.365425] ata2: PATA max UDMA/33 cmd 0x170 ctl 0x376 bmdma 0xd008 irq 15
[    8.370594] libphy: Fixed MDIO Bus: probed
[    8.394263] tun: Universal TUN/TAP device driver, 1.6
[    8.405872] tun: (C) 1999-2004 Max Krasnyansky <maxk@qualcomm.com>
[    8.407146] PPP generic driver version 2.4.2
[    8.408105] ehci_hcd: USB 2.0 'Enhanced' Host Controller (EHCI) Driver
[    8.409631] ehci-pci: EHCI PCI platform driver
[    8.410575] ehci-platform: EHCI generic platform driver
[    8.411633] ohci_hcd: USB 1.1 'Open' Host Controller (OHCI) Driver
[    8.412835] ohci-pci: OHCI PCI platform driver
[    8.415768] ohci-platform: OHCI generic platform driver
[    8.418413] uhci_hcd: USB Universal Host Controller Interface driver
[    8.419707] i8042: PNP: PS/2 Controller [PNP0303:PS2K,PNP0f03:PS2M] at 0x60,0x64 irq 1,12
[    8.430813] serio: i8042 KBD port at 0x60,0x64 irq 1
[    8.432196] serio: i8042 AUX port at 0x60,0x64 irq 12
[    8.435419] mousedev: PS/2 mouse device common for all mice
[    8.436774] input: AT Translated Set 2 keyboard as /devices/platform/i8042/serio0/input/input2
[    8.442906] rtc_cmos rtc_cmos: rtc core: registered rtc_cmos as rtc0
[    8.450453] rtc_cmos rtc_cmos: alarms up to one day, 114 bytes nvram
[    8.458673] i2c /dev entries driver
[    8.459499] device-mapper: uevent: version 1.0.3
[    8.462287] device-mapper: ioctl: 4.34.0-ioctl (2015-10-28) initialised: dm-devel@redhat.com
[    8.472432] platform eisa.0: Probing EISA bus 0
[    8.473402] platform eisa.0: EISA: Cannot allocate resource for mainboard
[    8.477439] platform eisa.0: Cannot allocate resource for EISA slot 1
[    8.486017] platform eisa.0: Cannot allocate resource for EISA slot 2
[    8.490771] platform eisa.0: Cannot allocate resource for EISA slot 3
[    8.494552] platform eisa.0: Cannot allocate resource for EISA slot 4
[    8.504067] platform eisa.0: Cannot allocate resource for EISA slot 5
[    8.517108] platform eisa.0: Cannot allocate resource for EISA slot 6
[    8.518380] platform eisa.0: Cannot allocate resource for EISA slot 7
[    8.519618] platform eisa.0: Cannot allocate resource for EISA slot 8
[    8.520901] platform eisa.0: EISA: Detected 0 cards
[    8.522004] cpufreq-nforce2: No nForce2 chipset.
[    8.522964] ledtrig-cpu: registered to indicate activity on CPUs
[    8.525573] NET: Registered protocol family 10
[    8.529807] NET: Registered protocol family 17
[    8.530743] Key type dns_resolver registered
[    8.531801] microcode: CPU0 sig=0x306d4, pf=0x40, revision=0x0
[    8.534212] microcode: CPU1 sig=0x306d4, pf=0x40, revision=0x0
[    8.535390] microcode: Microcode Update Driver: v2.01 <tigran@aivazian.fsnet.co.uk>, Peter Oruba
[    8.538038] Using IPI No-Shortcut mode
[    8.538998] registered taskstats version 1
[    8.539882] Loading compiled-in X.509 certificates
[    8.542622] Loaded X.509 cert 'Build time autogenerated kernel key: d884481a5860e7cdb15cef4883c70aada3ea9f94'
[    8.551030] zswap: loaded using pool lzo/zbud
[    8.562659] Key type trusted registered
[    8.566365] Key type encrypted registered
[    8.576368] AppArmor: AppArmor sha1 policy hashing enabled
[    8.584378] ima: No TPM chip found, activating TPM-bypass!
[    8.586599] evm: HMAC attrs: 0x1
[    8.679971]   Magic number: 5:105:391
[    8.754893] rtc_cmos rtc_cmos: setting system clock to 2017-02-20 17:21:24 UTC (1487611284)
[    8.756686] BIOS EDD facility v0.16 2004-Jun-25, 0 devices found
[    8.756976] isapnp: No Plug & Play device found
[    8.815684] EDD information not available.
[    8.843891] Freeing unused kernel memory: 944K (c1b91000 - c1c7d000)
[    8.849250] Write protecting the kernel text: 7920k
[    8.859878] Write protecting the kernel read-only data: 3152k
[    8.864860] NX-protecting the kernel data: 6416k
Loading, please wait...
starting version 229
[    8.887843] random: systemd-udevd: uninitialized urandom read (16 bytes read, 0 bits of entropy available)
[    8.888571] random: udevadm: uninitialized urandom read (16 bytes read, 0 bits of entropy available)
[    8.888637] random: udevadm: uninitialized urandom read (16 bytes read, 0 bits of entropy available)
[    8.888840] random: udevadm: uninitialized urandom read (16 bytes read, 0 bits of entropy available)
[    8.888915] random: udevadm: uninitialized urandom read (16 bytes read, 0 bits of entropy available)
[    8.888986] random: udevadm: uninitialized urandom read (16 bytes read, 0 bits of entropy available)
[    8.889068] random: udevadm: uninitialized urandom read (16 bytes read, 0 bits of entropy available)
[    8.889159] random: udevadm: uninitialized urandom read (16 bytes read, 0 bits of entropy available)
[    8.889234] random: udevadm: uninitialized urandom read (16 bytes read, 0 bits of entropy available)
[    8.889305] random: udevadm: uninitialized urandom read (16 bytes read, 0 bits of entropy available)
[    9.067134] tsc: Refined TSC clocksource calibration: 3100.210 MHz
[    9.071418] clocksource: tsc: mask: 0xffffffffffffffff max_cycles: 0x2cb00dc80f5, max_idle_ns: 440795249947 ns
[    9.094561] Fusion MPT base driver 3.04.20
[    9.095451] Copyright (c) 1999-2008 LSI Corporation
[    9.104397] e1000: Intel(R) PRO/1000 Network Driver - version 7.3.21-k8-NAPI
[    9.107424] e1000: Copyright (c) 1999-2006 Intel Corporation.
[    9.162272] Fusion MPT SPI Host driver 3.04.20
[    9.351548] input: ImExPS/2 Generic Explorer Mouse as /devices/platform/i8042/serio1/input/input4
[    9.556311] e1000 0000:00:03.0 eth0: (PCI:33MHz:32-bit) 02:fd:43:aa:43:06
[    9.582292] e1000 0000:00:03.0 eth0: Intel(R) PRO/1000 Network Connection
[    9.605409] mptbase: ioc0: Initiating bringup
[    9.606620] e1000 0000:00:03.0 enp0s3: renamed from eth0
[    9.713606] ioc0: LSI53C1030 A0: Capabilities={Initiator}
[    9.887546] scsi host2: ioc0: LSI53C1030 A0, FwRev=00000000h, Ports=1, MaxQ=256, IRQ=20
[   10.050186] scsi 2:0:0:0: Direct-Access     VBOX     HARDDISK         1.0  PQ: 0 ANSI: 5
[   10.118217] scsi target2:0:0: Beginning Domain Validation
[   10.145614] scsi target2:0:0: Domain Validation skipping write tests
[   10.211351] scsi target2:0:0: Ending Domain Validation
[   10.250401] scsi target2:0:0: asynchronous
[   10.288819] scsi 2:0:1:0: Direct-Access     VBOX     HARDDISK         1.0  PQ: 0 ANSI: 5
[   10.392662] scsi target2:0:1: Beginning Domain Validation
[   10.416195] scsi target2:0:1: Domain Validation skipping write tests
[   10.433344] scsi target2:0:1: Ending Domain Validation
[   10.502694] scsi target2:0:1: asynchronous
[   10.534368] sd 2:0:0:0: [sda] 20971520 512-byte logical blocks: (10.7 GB/10.0 GiB)
[   10.537193] sd 2:0:0:0: Attached scsi generic sg0 type 0
[   10.538607] sd 2:0:0:0: [sda] Write Protect is off
[   10.564521] sd 2:0:1:0: [sdb] 20480 512-byte logical blocks: (10.5 MB/10.0 MiB)
[   10.567356] sd 2:0:1:0: Attached scsi generic sg1 type 0
[   10.567741] sd 2:0:0:0: [sda] Incomplete mode parameter data
[   10.567743] sd 2:0:0:0: [sda] Assuming drive cache: write through
[   10.568026] sd 2:0:1:0: [sdb] Write Protect is off
[   10.568403] sd 2:0:1:0: [sdb] Incomplete mode parameter data
[   10.568405] sd 2:0:1:0: [sdb] Assuming drive cache: write through
[   10.570367]  sda: sda1
[   10.571946] sd 2:0:1:0: [sdb] Attached SCSI disk
[   10.572015] sd 2:0:0:0: [sda] Attached SCSI disk
[   12.189454] floppy0: no floppy controllers found
Begin: Loading e[   13.510143] md: linear personality registered for level -1
ssential drivers ... [   13.569924] md: multipath personality registered for level -4
[   13.579138] md: raid0 personality registered for level 0
[   13.646250] md: raid1 personality registered for level 1
[   13.769794] raid6: mmxx1    gen()  6241 MB/s
[   13.861762] raid6: mmxx2    gen()  6337 MB/s
[   13.973704] raid6: sse1x1   gen()  5134 MB/s
[   14.045712] raid6: sse1x2   gen()  6245 MB/s
[   14.157500] raid6: sse2x1   gen()  6901 MB/s
[   14.241536] raid6: sse2x1   xor()  7524 MB/s
[   14.349688] raid6: sse2x2   gen() 12902 MB/s
[   14.470170] raid6: sse2x2   xor()  8636 MB/s
[   14.547600] raid6: using algorithm sse2x2 gen() 12902 MB/s
[   14.626681] raid6: .... xor() 8636 MB/s, rmw enabled
[   14.689907] raid6: using ssse3x1 recovery algorithm
[   14.716365] xor: automatically using best checksumming function:
[   14.785773]    avx       : 24386.000 MB/sec
[   14.806901] async_tx: api initialized (async)
[   14.854246] md: raid6 personality registered for level 6
[   14.885992] md: raid5 personality registered for level 5
[   14.974076] md: raid4 personality registered for level 4
[   15.052058] md: raid10 personality registered for level 10
done.
Begin: Running /scripts/init-premount ... done.
Begin: Mounting root file system ... Begin: Running /scripts/local-top ... done.
Begin: Running /scripts/local-premount ... [   15.135938] Btrfs loaded
Scanning for Btrfs filesystems
done.
Warning: fsck no[   15.210481] EXT4-fs (sda1): INFO: recovery required on readonly filesystem
t present, so sk[   15.261179] EXT4-fs (sda1): write access will be enabled during recovery
ipping root file system
[   15.328362] EXT4-fs (sda1): recovery complete
[   15.351793] EXT4-fs (sda1): mounted filesystem with ordered data mode. Opts: (null)
done.
Begin: Running /scripts/local-bottom ... done.
Begin: Running /scripts/init-bottom ... done.
[   15.437263] systemd[1]: systemd 229 running in system mode. (+PAM +AUDIT +SELINUX +IMA +APPARMOR +SMACK +SYSVINIT +UTMP +LIBCRYPTSETUP +GCRYPT +GNUTLS +ACL +XZ -LZ4 +SECCOMP +BLKID +ELFUTILS +KMOD -IDN)
[   15.726118] systemd[1]: Detected virtualization oracle.
[   15.825368] systemd[1]: Detected architecture x86.

Welcome to [1mUbuntu 16.04.2 LTS[0m!

[   15.920949] systemd[1]: Set hostname to <ubuntu-xenial>.
[   16.133992] systemd[1]: Created slice User and Session Slice.
[[0;32m  OK  [0m] Created slice User and Session Slice.
[   16.210999] systemd[1]: Created slice System Slice.
[[0;32m  OK  [0m] Created slice System Slice.
[   16.277909] systemd[1]: Reached target Encrypted Volumes.
[[0;32m  OK  [0m] Reached target Encrypted Volumes.
[   16.322300] systemd[1]: Created slice system-serial\x2dgetty.slice.
[[0;32m  OK  [0m] Created slice system-serial\x2dgetty.slice.
[   16.377747] systemd[1]: Listening on /dev/initctl Compatibility Named Pipe.
[[0;32m  OK  [0m] Listening on /dev/initctl Compatibility Named Pipe.
[   16.441351] systemd[1]: Reached target Swap.
[[0;32m  OK  [0m] Reached target Swap.
[   16.469773] systemd[1]: Listening on Journal Audit Socket.
[[0;32m  OK  [0m] Listening on Journal Audit Socket.
[   16.554273] systemd[1]: Listening on Syslog Socket.
[[0;32m  OK  [0m] Listening on Syslog Socket.
[   16.614459] systemd[1]: Listening on Journal Socket.
[[0;32m  OK  [0m] Listening on Journal Socket.
[   16.634203] systemd[1]: Starting Create list of required static device nodes for the current kernel...
         Starting Create list of required st... nodes for the current kernel...
[   16.706086] systemd[1]: Mounting Debug File System...
         Mounting Debug File System...
[   16.751422] systemd[1]: Starting Uncomplicated firewall...
         Starting Uncomplicated firewall...
[   16.845597] systemd[1]: Mounting POSIX Message Queue File System...
         Mounting POSIX Message Queue File System...
[   16.933828] systemd[1]: Starting Nameserver information manager...
         Starting Nameserver information manager...
[   17.001947] systemd[1]: Listening on Device-mapper event daemon FIFOs.
[[0;32m  OK  [0m] Listening on Device-mapper event daemon FIFOs.
[   17.117771] systemd[1]: Mounting Huge Pages File System...
         Mounting Huge Pages File System...
[   17.172119] systemd[1]: Listening on udev Kernel Socket.
[[0;32m  OK  [0m] Listening on udev Kernel Socket.
[   17.265871] systemd[1]: Listening on LVM2 poll daemon socket.
[[0;32m  OK  [0m] Listening on LVM2 poll daemon socket.
[   17.306969] random: nonblocking pool is initialized
[   17.321581] systemd[1]: Starting Load Kernel Modules...
         Starting Load Ke[   17.402337] Loading iSCSI transport class v2.0-870.
rnel Modules...
[   17.423761] systemd[1]: Starting Set console keymap...
         Starting Set console keymap...
[   17.510255] iscsi: registered transport (tcp)
[   17.593843] systemd[1]: Listening on udev Control Socket.
[[0;32m  OK  [0m] Listening on udev Control Socket.
[   17.730146] systemd[1]: Reached target User and Group Name Lookups.
[[0;32m  OK  [0m] Reached target User and Group Name Lookups.
[   17.759246] systemd[1]: Reached target Slices.
[[0;32m  OK  [0m] Reached target Slices.
[   17.784204] systemd[1]: Set up automount Arbitrary Executable File Formats File System Automount Point.
[[0;32m  OK  [0m] Set up autom[   17.827274] iscsi: registered transport (iser)
ount Arbitrary Executab...ats File System Automount Point.
[   17.865563] systemd[1]: Listening on Journal Socket (/dev/log).
[[0;32m  OK  [0m] Listening on Journal Socket (/dev/log).
[   17.938773] systemd[1]: Starting Journal Service...
         Starting Journal Service...
[   18.027839] systemd[1]: Starting Remount Root and Kernel File Systems...
[   18.059270] EXT4-fs (sda1): re-mounted. Opts: (null)
         Starting Remount Root and Kernel File Systems...
[   18.115004] systemd[1]: Started Forward Password Requests to Wall Directory Watch.
[[0;32m  OK  [0m] Started Forward Password Requests to Wall Directory Watch.
[   18.144192] systemd[1]: Listening on LVM2 metadata daemon socket.
[[0;32m  OK  [0m] Listening on LVM2 metadata daemon socket.
[   18.177705] systemd[1]: Starting Monitoring of LVM2 mirrors, snapshots etc. using dmeventd or progress polling...
         Starting Monitoring of LVM2 mirrors... dmeventd or progress polling...
[   18.220418] systemd[1]: Mounted Huge Pages File System.
[[0;32m  OK  [0m] Mounted Huge Pages File System.
[   18.269732] systemd[1]: Mounted Debug File System.
[[0;32m  OK  [0m] Mounted Debug File System.
[   18.349752] systemd[1]: Mounted POSIX Message Queue File System.
[[0;32m  OK  [0m] Mounted POSIX Message Queue File System.
[   18.446034] systemd[1]: Started Journal Service.
[[0;32m  OK  [0m] Started Journal Service.
[[0;32m  OK  [0m] Started Create list of required sta...ce nodes for the current kernel.
[[0;32m  OK  [0m] Started Uncomplicated firewall.
[[0;32m  OK  [0m] Started Load Kernel Modules.
[[0;32m  OK  [0m] Started Set console keymap.
[[0;32m  OK  [0m] Started Remount Root and Kernel File Systems.
[[0;32m  OK  [0m] Started Nameserver information manager.
[[0;32m  OK  [0m] Started LVM2 metadata daemon.
         Starting udev Coldplug all Devices...
         Starting Load/Save Random Seed...
         Starting Initial cloud-init job (pre-networking)...
         Starting Apply Kernel Variables...
         Mounting FUSE Control File System...
         Starting Create Static Device Nodes in /dev...
         Starting Flush Journal to Persistent Storage...
[[0;32m  OK  [0m] Mounted FUSE Control File System.
[[0;32m  OK  [0m] Started Load/Save Random Seed.
[[0;32m  OK  [0m] Started Apply Kernel Variables.
[[0;32m  OK  [0m] Started Create Static Device Nodes in /dev.
[[0;32m  OK  [0m] Started udev Coldplug all Devices.
[[0;32m  OK  [0m] Started Flush Journal to Persistent Storage.
         Starting udev Kernel Device Manager...
[[0;32m  OK  [0m] Started udev Kernel Device Manager.
[[0;32m  OK  [0m] Started Dispatch Password Requests to Console Directory Watch.
         Starting LSB: QEMU KVM module loading script...
[[0;32m  OK  [0m] Started LSB: QEMU KVM module loading script.
[[0;32m  OK  [0m] Found device /dev/ttyS0.
[[0;32m  OK  [0m] Started Monitoring of LVM2 mirrors,...ng dmeventd or progress polling.
[[0;32m  OK  [0m] Reached target Local File Systems (Pre).
[[0;32m  OK  [0m] Reached target Local File Systems.
         Starting Create Volatile Files and Directories...
         Starting LSB: AppArmor initialization...
         Starting Enable support for additional executable binary formats...
         Starting Tell Plymouth To Write Out Runtime Data...
         Starting Set console font and keymap...
[[0;32m  OK  [0m] Started Create Volatile Files and Directories.
[[0;32m  OK  [0m] Started Tell Plymouth To Write Out Runtime Data.
         Mounting Arbitrary Executable File Formats File System...
[   14.703774] [cloud-init[0;32m  OK  [0m[464]: ] Cloud-init v. 0.7.8 running 'init-local' at Mon, 20 Feb 2017 17:21:35 +0000. Up 14.20 seconds.Reached target System Time Synchronized.

         Starting Update UTMP about System Boot/Shutdown...
[[0;32m  OK  [0m] Mounted Arbitrary Executable File Formats File System.
[[0;32m  OK  [0m] Started LSB: AppArmor initialization.
[[0;32m  OK  [0m] Started Initial cloud-init job (pre-networking).
[[0;32m  OK  [0m] Started Enable support for additional executable binary formats.
[[0;32m  OK  [0m] Started Set console font and keymap.
[[0;32m  OK  [0m] Found device 82540EM Gigabit Ethern...r (PRO/1000 MT Desktop Adapter).
[[0;32m  OK  [0m] Started Update UTMP about System Boot/Shutdown.
[[0;32m  OK  [0m] Listening on Load/Save RF Kill Switch Status /dev/rfkill Watch.
[[0;32m  OK  [0m] Created slice system-getty.slice.
[[0;32m  OK  [0m] Reached target Network (Pre).
         Starting Raise network interfaces...
[[0;32m  OK  [0m] Started ifup for enp0s3.
[[0;32m  OK  [0m] Started Raise network interfaces.
[[0;32m  OK  [0m] Reached target Network.
         Starting Initial cloud-init job (metadata service crawler)...
[   17.754715] cloud-init[1083]: Cloud-init v. 0.7.8 running 'init' at Mon, 20 Feb 2017 17:21:38 +0000. Up 17.51 seconds.
[   17.821369] cloud-init[1083]: ci-info: +++++++++++++++++++++++++++++++++++++Net device info++++++++++++++++++++++++++++++++++++++
[   17.896503] cloud-init[1083]: ci-info: +--------+------+----------------------------+---------------+-------+-------------------+
[   17.976512] cloud-init[1083]: ci-info: | Device |  Up  |          Address           |      Mask     | Scope |     Hw-Address    |
[[0;32m  OK  [0m] Started Initial cloud-init job (metadata service crawler).
[   18.016375] [cloud-init[0;32m  OK  [0m[1083]: ] ci-info: +--------+------+----------------------------+---------------+-------+-------------------+Reached target Network is Online.

[   18.047551] cloud-init[1083]: ci-info: |   lo   | True |         127.0.0.1          |   255.0.0.0   |   .   |         .         |
[   18.156517]          cloud-initStarting iSCSI initiator daemon (iscsid)...[1083]: 
ci-info: |   lo   | True |          ::1/128           |       .       |  host |         .         |
[   18.224528] [cloud-init[0;32m  OK  [0m[1083]: ] ci-info: | enp0s3 | True |         10.0.2.15          | 255.255.255.0 |   .   | 02:fd:43:aa:43:06 |Reached target Cloud-config availability.

[[0;32m  OK  [0m] Reached target System Initialization.
[[0;32m  OK  [0m] Started Daily Cleanup of Temporary Directories.
[   18.225029] cloud-init[1083]: ci-info: | enp0s3 | True | fe80::fd:43ff:feaa:4306/64 |       .       |  link | 02:fd:43:aa:43:06 |
[   18.424840] [cloud-init[0;32m  OK  [0m[1083]: ] ci-info: +--------+------+----------------------------+---------------+-------+-------------------+Listening on UUID daemon activation socket.

[[0;32m  OK  [0m] Listening on ACPID Listen Socket.
[[0;32m  OK  [0m] Started Trigger resolvconf update for networkd DNS.
[   18.425727] cloud-init[1083]: ci-info: +++++++++++++++++++++++++++Route IPv4 info++++++++++++++++++++++++++++
[   18.573052] [cloud-init[0;32m  OK  [0m[1083]: ] ci-info: +-------+-------------+----------+---------------+-----------+-------+Started ACPI Events Check.

[[0;32m  OK  [0m] Reached target Paths.
[   18.573561] cloud-init[1083]: ci-info: | Route | Destination | Gateway  |    Genmask    | Interface | Flags |
[   18.760761]          cloud-initStarting LXD - unix socket.[1083]: 
ci-info: +-------+-------------+----------+---------------+-----------+-------+
[   18.806323] [cloud-init[0;32m  OK  [0m[1083]: ] ci-info: |   0   |   0.0.0.0   | 10.0.2.2 |    0.0.0.0    |   enp0s3  |   UG  |Listening on D-Bus System Message Bus Socket.

         Starting Socket activation for snappy daemon.
[   18.897087] cloud-init[1083]: ci-info: |   1   |   10.0.2.0  | 0.0.0.0  | 255.255.255.0 |   enp0s3  |   U   |
[   18.996553] [cloud-init[0;32m  OK  [0m[1083]: ] ci-info: +-------+-------------+----------+---------------+-----------+-------+Started Timer to automatically refresh installed snaps.

[[0;32m  OK  [0m] Started Daily apt activities.
[[0;32m  OK  [0m] Reached target Timers.
[[0;32m  OK  [0m] Listening on LXD - unix socket.
[[0;32m  OK  [0m] Listening on Socket activation for snappy daemon.
[[0;32m  OK  [0m] Started iSCSI initiator daemon (iscsid).
         Starting Login to default iSCSI targets...
[[0;32m  OK  [0m] Reached target Sockets.
[[0;32m  OK  [0m] Reached target Basic System.
         Starting Apply the settings specified in cloud-config...
[[0;32m  OK  [0m] Started FUSE filesystem for LXC.
         Starting LSB: Record successful boot for GRUB...
[[0;32m  OK  [0m] Started D-Bus System Message Bus.
         Starting Login Service...
         Starting System Logging Service...
[[0;32m  OK  [0m] Started Snappy daemon.
         Starting LSB: MD monitoring daemon...
[[0;32m  OK  [0m] Started ACPI event daemon.
[[0;32m  OK  [0m] Started Regular background program processing daemon.
         Starting Auto import assertions from block devices...
         Starting OpenBSD Secure Shell server...
         Starting Accounts Service...
         Starting /etc/rc.local Compatibility...
[[0;32m  OK  [0m] Started Deferred execution scheduler.
         Starting LXD - container startup/shutdown...
[[0;32m  OK  [0m] Started System Logging Service.
[   19.917073] cloud-init[1140]: Cloud-init v. 0.7.8 running 'modules:config' at Mon, 20 Feb 2017 17:21:40 +0000. Up 19.80 seconds.
[[0;32m  OK  [0m] Started OpenBSD Secure Shell server.
[[0;32m  OK  [0m] Started Apply the settings specified in cloud-config.
[[0;32m  OK  [0m] Started Auto import assertions from block devices.
[[0;32m  OK  [0m] Started /etc/rc.local Compatibility.
[[0;32m  OK  [0m] Started LXD - container startup/shutdown.
[[0;32m  OK  [0m] Started Login to default iSCSI targets.
[[0;32m  OK  [0m] Started LSB: Record successful boot for GRUB.
[[0;32m  OK  [0m] Started LSB: MD monitoring daemon.
[[0;32m  OK  [0m] Started Login Service.
         Starting Authenticate and Authorize Users to Run Privileged Tasks...
[[0;32m  OK  [0m] Reached target Remote File Systems (Pre).
[[0;32m  OK  [0m] Reached target Remote File Systems.
         Starting LSB: automatic crash report generation...
         Starting LSB: Set the CPU Frequency Scaling governor to "ondemand"...
         Starting LSB: VirtualBox Linux Additions...
         Starting Permit User Sessions...
         Starting LSB: daemon to balance interrupts for SMP systems...
[[0;32m  OK  [0m] Started Permit User Sessions.
[[0;32m  OK  [0m] Started Authenticate and Authorize Users to Run Privileged Tasks.
[[0;32m  OK  [0m] Started Accounts Service.
[[0;32m  OK  [0m] Started LSB: Set the CPU Frequency Scaling governor to "ondemand".
[[0;32m  OK  [0m] Started LSB: automatic crash report generation.
[[0;32m  OK  [0m] Started LSB: VirtualBox Linux Additions.
         Starting Terminate Plymouth Boot Screen...
         Starting Hold until boot process finishes up...
[[0;32m  OK  [0m] Started LSB: daemon to balance interrupts for SMP systems.
[[0;32m  OK  [0m] Started Terminate Plymouth Boot Screen.
[[0;32m  OK  [0m] Started Hold until boot process finishes up.
[[0;32m  OK  [0m] Started Serial Getty on ttyS0.
[[0;32m  OK  [0m] Started Getty on tty1.
[[0;32m  OK  [0m] Reached target Login Prompts.
         Starting Set console scheme...
[[0;32m  OK  [0m] Reached target Multi-User System.
         Starting Execute cloud user/final scripts...
[[0;32m  OK  [0m] Reached target Graphical Interface.
         Starting Update UTMP about System Runlevel Changes...
[[0;32m  OK  [0m] Started Set console scheme.
[[0;32m  OK  [0m] Started Update UTMP about System Runlevel Changes.
[   21.991397] cloud-init[1313]: Cloud-init v. 0.7.8 running 'modules:final' at Mon, 20 Feb 2017 17:21:42 +0000. Up 21.74 seconds.
[   22.072533] [cloud-init[0;32m  OK  [0m[1313]: ] Cloud-init v. 0.7.8 finished at Mon, 20 Feb 2017 17:21:42 +0000. Datasource DataSourceNoCloud [seed=/dev/sdb][dsmode=net].  Up 21.97 secondsStarted Execute cloud user/final scripts.

[[0;32m  OK  [0m] Reached target Cloud-init target.

Ubuntu 16.04.2 LTS ubuntu-xenial ttyS0

ubuntu-xenial login: [[0;32m  OK  [0m] Stopped target Graphical Interface.
         Stopping Accounts Service...
         Stopping Serial Getty on ttyS0...
         Stopping LSB: VirtualBox Linux Additions...
         Stopping User Manager for UID 1000...
         Stopping LSB: MD monitoring daemon...
         Stopping Getty on tty1...
         Stopping LSB: Set the CPU Frequency Scaling governor to "ondemand"...
         Stopping LXD - container startup/shutdown...
[[0;32m  OK  [0m] Stopped target Timers.
[[0;32m  OK  [0m] Stopped Timer to automatically refresh installed snaps.
[[0;32m  OK  [0m] Stopped Daily Cleanup of Temporary Directories.
[[0;32m  OK  [0m] Stopped Daily apt activities.
[[0;32m  OK  [0m] Stopped target System Time Synchronized.
         Stopping LSB: automatic crash report generation...
         Stopping D-Bus System Message Bus...
[[0;32m  OK  [0m] Unmounted /var/lib/lxcfs.
[[0;32m  OK  [0m] Stopped System Logging Service.
[[0;32m  OK  [0m] Stopped Snappy daemon.
[[0;32m  OK  [0m] Stopped ACPI event daemon.
[[0;32m  OK  [0m] Stopped Regular background program processing daemon.
[[0;32m  OK  [0m] Stopped OpenBSD Secure Shell server.
[[0;32m  OK  [0m] Stopped Accounts Service.
[[0;32m  OK  [0m] Stopped Deferred execution scheduler.
[[0;32m  OK  [0m] Stopped Authenticate and Authorize Users to Run Privileged Tasks.
[[0;32m  OK  [0m] Stopped Serial Getty on ttyS0.
[[0;32m  OK  [0m] Stopped Getty on tty1.
[[0;32m  OK  [0m] Stopped User Manager for UID 1000.
[[0;32m  OK  [0m] Stopped Session 5 of user ubuntu.
[[0;32m  OK  [0m] Stopped D-Bus System Message Bus.
[[0;32m  OK  [0m] Stopped FUSE filesystem for LXC.
[[0;32m  OK  [0m] Stopped LSB: Record successful boot for GRUB.
[[0;32m  OK  [0m] Stopped LSB: VirtualBox Linux Additions.
[[0;32m  OK  [0m] Stopped LSB: daemon to balance interrupts for SMP systems.
[[0;32m  OK  [0m] Stopped LSB: MD monitoring daemon.
[[0;32m  OK  [0m] Stopped LSB: Set the CPU Frequency Scaling governor to "ondemand".
[[0;32m  OK  [0m] Stopped LXD - container startup/shutdown.
[[0;32m  OK  [0m] Stopped LSB: automatic crash report generation.
[[0;32m  OK  [0m] Removed slice User Slice of ubuntu.
         Stopping Login Service...
[[0;32m  OK  [0m] Removed slice system-getty.slice.
[[0;32m  OK  [0m] Stopped /etc/rc.local Compatibility.
         Stopping Permit User Sessions...
[[0;32m  OK  [0m] Removed slice system-serial\x2dgetty.slice.
[[0;32m  OK  [0m] Stopped Login Service.
[[0;32m  OK  [0m] Stopped Permit User Sessions.
[[0;32m  OK  [0m] Stopped target Remote File Systems.
[[0;32m  OK  [0m] Stopped target Remote File Systems (Pre).
         Stopping Login to default iSCSI targets...
[[0;32m  OK  [0m] Stopped target User and Group Name Lookups.
[[0;32m  OK  [0m] Stopped target Basic System.
[[0;32m  OK  [0m] Stopped target Sockets.
[[0;32m  OK  [0m] Closed UUID daemon activation socket.
[[0;32m  OK  [0m] Closed ACPID Listen Socket.
[[0;32m  OK  [0m] Closed Socket activation for snappy daemon.
[[0;32m  OK  [0m] Closed LXD - unix socket.
[[0;32m  OK  [0m] Closed Syslog Socket.
[[0;32m  OK  [0m] Stopped target Slices.
[[0;32m  OK  [0m] Stopped target Paths.
[[0;32m  OK  [0m] Stopped Dispatch Password Requests to Console Directory Watch.
[[0;32m  OK  [0m] Stopped ACPI Events Check.
[[0;32m  OK  [0m] Stopped Forward Password Requests to Wall Directory Watch.
[[0;32m  OK  [0m] Stopped Trigger resolvconf update for networkd DNS.
[[0;32m  OK  [0m] Closed D-Bus System Message Bus Socket.
[[0;32m  OK  [0m] Stopped target System Initialization.
         Stopping Load/Save Random Seed...
[[0;32m  OK  [0m] Stopped target Swap.
[[0;32m  OK  [0m] Stopped Create Volatile Files and Directories.
[[0;32m  OK  [0m] Stopped target Encrypted Volumes.
[[0;32m  OK  [0m] Removed slice User and Session Slice.
[[0;32m  OK  [0m] Stopped Load/Save Random Seed.
[[0;32m  OK  [0m] Stopped Login to default iSCSI targets.
         Stopping iSCSI initiator daemon (iscsid)...
[[0;32m  OK  [0m] Stopped iSCSI initiator daemon (iscsid).
[[0;32m  OK  [0m] Stopped target Network is Online.
[[0;32m  OK  [0m] Stopped Initial cloud-init job (metadata service crawler).
[[0;32m  OK  [0m] Stopped target Network.
         Stopping Raise network interfaces...
[[0;32m  OK  [0m] Stopped Raise network interfaces.
[[0;32m  OK  [0m] Stopped Apply Kernel Variables.
[[0;32m  OK  [0m] Stopped Load Kernel Modules.
[[0;32m  OK  [0m] Stopped target Network (Pre).
[[0;32m  OK  [0m] Stopped Initial cloud-init job (pre-networking).
[[0;32m  OK  [0m] Stopped target Local File Systems.
         Unmounting /run/user/1000...
         Unmounting /home/ubuntu/vagrant_share...
         Starting Unattended Upgrades Shutdown...
         Unmounting /vagrant...
[[0;32m  OK  [0m] Unmounted /run/user/1000.
[[0;32m  OK  [0m] Unmounted /home/ubuntu/vagrant_share.
[[0;32m  OK  [0m] Started Unattended Upgrades Shutdown.
[[0;32m  OK  [0m] Unmounted /vagrant.
[[0;32m  OK  [0m] Reached target Unmount All Filesystems.
[[0;32m  OK  [0m] Stopped target Local File Systems (Pre).
[[0;32m  OK  [0m] Stopped Create Static Device Nodes in /dev.
         Stopping Monitoring of LVM2 mirrors... dmeventd or progress polling...
[[0;32m  OK  [0m] Stopped Remount Root and Kernel File Systems.
[[0;32m  OK  [0m] Reached target Shutdown.
[  428.285132] reboot: Power down